Nada Surf	The Weight is a Gift	Blankest Year	(8)	(0,9,2=11)	(19)
Arctic Monkeys	Whatever People Say I Am, That's What I'm Not	Mardy Bum	(10)	(5,0,1=6)	(16)
Death From Above 1979	You're A Woman I'm A Machine	Going Steady	(0)	(2,8,2=12)	(12)
