Arctic Monkeys	Whatever People Say I Am, That's What I'm Not	Mardy Bum	(35)	(26)	(61)
Nada Surf	The Weight is a Gift	Blankest Year	(0)	(56)	(56)
Death From Above 1979	You're A Woman I'm A Machine	Going Steady	(30)	(25)	(55)
