Arctic Monkeys	Whatever People Say I Am, That's What I'm Not	Mardy Bum	61	26
Nada Surf	The Weight is a Gift	Blankest Year	56	56
Death From Above 1979	You're A Woman I'm A Machine	Going Steady	55	25
